---
source: crates/tmc-langs-cli/tests/integration.rs
expression: output
input_file: sample_exercises/r/exercise
---
output-kind: output-data
status: finished
message: compressed project from [PATH] to [PATH]
result: executed-command
data:
  output-data-kind: compressed-project-hash
  output-data: e36b3b695fffb81c2a734f10aed568435bbc911f089410b2531435c9a15e6613

