---
source: crates/tmc-langs-cli/tests/integration.rs
expression: files
input_file: sample_exercises/make/passing-exercise
---
- passing-exercise
- passing-exercise/Makefile
- passing-exercise/src
- passing-exercise/src/Makefile
- passing-exercise/src/main
- passing-exercise/src/main.c
- passing-exercise/src/source.c
- passing-exercise/src/source.h
- passing-exercise/test
- passing-exercise/test/Makefile
- passing-exercise/test/checkhelp.c
- passing-exercise/test/test
- passing-exercise/test/test_source.c
- passing-exercise/test/tmc-check.c
- passing-exercise/test/tmc-check.h
- passing-exercise/test/tmc_available_points.txt
- passing-exercise/test/tmc_test_results.xml

