---
source: crates/tmc-langs-cli/tests/integration.rs
expression: files
input_file: sample_exercises/python3/exercise
---
- exercise
- exercise/.tmcproject.yml
- exercise/src
- exercise/src/__pycache__
- exercise/src/__pycache__/emoticon.cpython-37.pyc
- exercise/src/emoticon.py
- exercise/test
- exercise/test/__init__.py
- exercise/test/test_emoticon.py
- exercise/tmc
- exercise/tmc/__init__.py
- exercise/tmc/__main__.py
- exercise/tmc/django.py
- exercise/tmc/points.py
- exercise/tmc/reflect.py
- exercise/tmc/result.py
- exercise/tmc/runner.py
- exercise/tmc/utils.py

