---
source: crates/tmc-langs-cli/tests/integration.rs
expression: files
input_file: sample_exercises/java/maven-exercise
---
- maven-exercise
- maven-exercise/.classpath
- maven-exercise/.factorypath
- maven-exercise/.project
- maven-exercise/.settings
- maven-exercise/.settings/org.eclipse.core.resources.prefs
- maven-exercise/.settings/org.eclipse.jdt.apt.core.prefs
- maven-exercise/.settings/org.eclipse.jdt.core.prefs
- maven-exercise/.settings/org.eclipse.m2e.core.prefs
- maven-exercise/.tmcproject.json
- maven-exercise/pom.xml
- maven-exercise/src
- maven-exercise/src/main
- maven-exercise/src/main/java
- maven-exercise/src/main/java/fi
- maven-exercise/src/main/java/fi/helsinki
- maven-exercise/src/main/java/fi/helsinki/cs
- maven-exercise/src/main/java/fi/helsinki/cs/maventest
- maven-exercise/src/main/java/fi/helsinki/cs/maventest/App.java
- maven-exercise/src/test
- maven-exercise/src/test/java
- maven-exercise/src/test/java/fi
- maven-exercise/src/test/java/fi/helsinki
- maven-exercise/src/test/java/fi/helsinki/cs
- maven-exercise/src/test/java/fi/helsinki/cs/maventest
- maven-exercise/src/test/java/fi/helsinki/cs/maventest/AppTest.java

