---
source: crates/tmc-langs-cli/tests/integration.rs
expression: output
input_file: sample_exercises/r/exercise
---
output-kind: output-data
status: finished
message: compressed project from [PATH] to [PATH]
result: executed-command
data:
  output-data-kind: compressed-project-hash
  output-data: 0f8d0b826b7b0a9d5f9a0b1be79b0d4ea35586039685c020b0916d45172f141b

