---
source: crates/tmc-langs-cli/tests/integration.rs
expression: files
input_file: crates/tmc-langs-cli/tests/sample_exercises/java/ant-exercise
---
- .tmcproject.json
- build.xml
- lib
- lib/edu-test-utils-0.5.0.jar
- lib/junit-4.13.2.jar
- nbproject
- nbproject/build-impl.xml
- nbproject/genfiles.properties
- nbproject/project.properties
- nbproject/project.xml
- src
- src/Arith.java
- test
- test/ArithTest.java

