---
source: crates/tmc-langs-cli/tests/integration.rs
expression: output
input_file: sample_exercises/make/failing-exercise
---
output-kind: output-data
status: finished
message: compressed project from [PATH] to [PATH]
result: executed-command
data:
  output-data-kind: compressed-project-hash
  output-data: 42dd190e70d9e3cdaebf2302adc4ecacca771c2d3df55343e78bf48a9ca494d5
