---
source: crates/tmc-langs-cli/tests/integration.rs
expression: files
input_file: sample_exercises/csharp/partially-passing
---
- partially-passing
- partially-passing/nuget.config
- partially-passing/src
- partially-passing/src/TestProject
- partially-passing/src/TestProject/Program.cs
- partially-passing/src/TestProject/TestProject.csproj
- partially-passing/test
- partially-passing/test/TestProjectTests
- partially-passing/test/TestProjectTests/ProgramTest.cs
- partially-passing/test/TestProjectTests/TestProjectTests.csproj

