---
source: crates/tmc-langs-cli/tests/integration.rs
expression: files
input_file: crates/tmc-langs-cli/tests/sample_exercises/csharp/failing-exercise
---
- nuget.config
- src
- src/FailingSample
- src/FailingSample/FailingSample.csproj
- src/FailingSample/Program.cs
- test
- test/FailingSampleTests
- test/FailingSampleTests/FailingSampleTests.csproj
- test/FailingSampleTests/ProgramTest.cs

