---
source: crates/tmc-langs-cli/tests/integration.rs
expression: output
input_file: sample_exercises/csharp/partially-passing
---
output-kind: output-data
status: finished
message: compressed project from [PATH] to [PATH]
result: executed-command
data:
  output-data-kind: compressed-project-hash
  output-data: 82cffe4fa5ff6a7fe180b8947026dad0977fd0ee51e23e8005febdee3bc87a59

