---
source: crates/tmc-langs-cli/tests/integration.rs
expression: files
input_file: crates/tmc-langs-cli/tests/sample_exercises/csharp/non-compiling-exercise
---
- nuget.config
- src
- src/NonCompilingSample
- src/NonCompilingSample/NonCompilingSample.csproj
- src/NonCompilingSample/Program.cs
- test
- test/NonCompilingSampleTests
- test/NonCompilingSampleTests/NonCompilingSampleTests.csproj
- test/NonCompilingSampleTests/ProgramTest.cs

