---
source: crates/tmc-langs-cli/tests/integration.rs
expression: output
input_file: sample_exercises/r/exercise
---
output-kind: output-data
status: finished
message: compressed project from [PATH] to [PATH]
result: executed-command
data:
  output-data-kind: compressed-project-hash
  output-data: 5a3286878deecd58c910721cbf0fa50640d4ef860e027ecd83802d03c1ac9789
