---
source: crates/tmc-langs-cli/tests/integration.rs
expression: files
input_file: sample_exercises/csharp/partially-passing
---
- nuget.config
- src
- src/TestProject
- src/TestProject/Program.cs
- src/TestProject/TestProject.csproj
- test
- test/TestProjectTests
- test/TestProjectTests/ProgramTest.cs
- test/TestProjectTests/TestProjectTests.csproj

