---
source: crates/tmc-langs-cli/tests/integration.rs
expression: output
input_file: sample_exercises/python3/exercise
---
output-kind: output-data
status: finished
message: compressed project from [PATH] to [PATH]
result: executed-command
data:
  output-data-kind: compressed-project-hash
  output-data: 592611e18b5ff29cf75fe297999f554909aab4188332e3704d31e8be375daabe
