---
source: crates/tmc-langs-cli/tests/integration.rs
expression: files
input_file: sample_exercises/make/valgrind-failing-exercise
---
- valgrind-failing-exercise
- valgrind-failing-exercise/Makefile
- valgrind-failing-exercise/src
- valgrind-failing-exercise/src/Makefile
- valgrind-failing-exercise/src/main
- valgrind-failing-exercise/src/main.c
- valgrind-failing-exercise/src/source.c
- valgrind-failing-exercise/src/source.h
- valgrind-failing-exercise/test
- valgrind-failing-exercise/test/Makefile
- valgrind-failing-exercise/test/checkhelp.c
- valgrind-failing-exercise/test/test
- valgrind-failing-exercise/test/test_source.c
- valgrind-failing-exercise/test/tmc-check.c
- valgrind-failing-exercise/test/tmc-check.h
- valgrind-failing-exercise/test/tmc_available_points.txt
- valgrind-failing-exercise/test/tmc_test_results.xml

