---
source: crates/tmc-langs-cli/tests/integration.rs
expression: files
input_file: sample_exercises/java/ant-exercise
---
- .tmcproject.json
- build.xml
- lib
- lib/edu-test-utils-0.4.1.jar
- lib/junit-4.10.jar
- nbproject
- nbproject/build-impl.xml
- nbproject/genfiles.properties
- nbproject/project.properties
- nbproject/project.xml
- src
- src/Arith.java
- test
- test/ArithTest.java

