---
source: crates/tmc-langs-cli/tests/integration.rs
expression: output
input_file: sample_exercises/r/exercise
---
output-kind: output-data
status: finished
message: compressed project from [PATH] to [PATH]
result: executed-command
data:
  output-data-kind: compressed-project-hash
  output-data: a2b82a0a89d27443bdcd2d480e53123991fa1fe3725e3071ade687399a81b280
