---
source: crates/tmc-langs-cli/tests/integration.rs
expression: output
input_file: sample_exercises/python3/exercise
---
output-kind: output-data
status: finished
message: compressed project from [PATH] to [PATH]
result: executed-command
data:
  output-data-kind: compressed-project-hash
  output-data: 1bfbf4ab0a7c6dc2b750664b8032ce28e2b3c6c251c12e0f80f309f30092bafe

