---
source: crates/tmc-langs-cli/tests/integration.rs
expression: files
input_file: sample_exercises/make/failing-exercise
---
- failing-exercise
- failing-exercise/Makefile
- failing-exercise/src
- failing-exercise/src/Makefile
- failing-exercise/src/main
- failing-exercise/src/main.c
- failing-exercise/src/source.c
- failing-exercise/src/source.h
- failing-exercise/test
- failing-exercise/test/Makefile
- failing-exercise/test/checkhelp.c
- failing-exercise/test/test
- failing-exercise/test/test_source.c
- failing-exercise/test/tmc-check.c
- failing-exercise/test/tmc-check.h

