---
source: crates/tmc-langs-cli/tests/integration.rs
expression: files
input_file: sample_exercises/csharp/passing-exercise
---
- passing-exercise
- passing-exercise/nuget.config
- passing-exercise/src
- passing-exercise/src/PassingSample
- passing-exercise/src/PassingSample/PassingSample.csproj
- passing-exercise/src/PassingSample/Program.cs
- passing-exercise/test
- passing-exercise/test/PassingSampleTests
- passing-exercise/test/PassingSampleTests/PassingSampleTests.csproj
- passing-exercise/test/PassingSampleTests/ProgramTest.cs

