---
source: crates/tmc-langs-cli/tests/integration.rs
expression: output
input_file: sample_exercises/java/ant-exercise
---
output-kind: output-data
status: finished
message: compressed project from [PATH] to [PATH]
result: executed-command
data:
  output-data-kind: compressed-project-hash
  output-data: 2fc6639455b4f46be14f17905c565be15cc72ecd8803de74879666e6c43eaaa3

