---
source: crates/tmc-langs-cli/tests/integration.rs
expression: output
input_file: sample_exercises/make/failing-exercise
---
output-kind: output-data
status: finished
message: compressed project from [PATH] to [PATH]
result: executed-command
data:
  output-data-kind: compressed-project-hash
  output-data: 01273c5760b8407c471755dc6b742a23d51a4b072e832c187d38069f6b0fd2ed

