---
source: crates/tmc-langs-cli/tests/integration.rs
expression: output
input_file: sample_exercises/python3/exercise
---
output-kind: output-data
status: finished
message: compressed project from [PATH] to [PATH]
result: executed-command
data:
  output-data-kind: compressed-project-hash
  output-data: 62a048c52fcbe87303d91fabf94bab1accf7b9b165100274633504873cd66609
