---
source: crates/tmc-langs-cli/tests/integration.rs
expression: output
input_file: sample_exercises/csharp/partially-passing
---
output-kind: output-data
status: finished
message: compressed project from [PATH] to [PATH]
result: executed-command
data:
  output-data-kind: compressed-project-hash
  output-data: fe35f04e0cce11016dbd1ed4e4276b5a858c108a5c1a24a420be01db39d92fe6

