---
source: crates/tmc-langs-cli/tests/integration.rs
expression: files
input_file: crates/tmc-langs-cli/tests/sample_exercises/csharp/passing-exercise
---
- nuget.config
- src
- src/PassingSample
- src/PassingSample/PassingSample.csproj
- src/PassingSample/Program.cs
- test
- test/PassingSampleTests
- test/PassingSampleTests/PassingSampleTests.csproj
- test/PassingSampleTests/ProgramTest.cs

