---
source: crates/tmc-langs-cli/tests/integration.rs
expression: output
input_file: sample_exercises/csharp/partially-passing
---
output-kind: output-data
status: finished
message: compressed project from [PATH] to [PATH]
result: executed-command
data:
  output-data-kind: compressed-project-hash
  output-data: a2ed70e2b53a2acb69789ff49340253e121c14bf2a9a8d922057451801602053
