---
source: crates/tmc-langs-cli/tests/integration.rs
expression: files
input_file: sample_exercises/java/ant-exercise
---
- ant-exercise
- ant-exercise/.tmcproject.json
- ant-exercise/build.xml
- ant-exercise/lib
- ant-exercise/lib/edu-test-utils-0.4.1.jar
- ant-exercise/lib/junit-4.10.jar
- ant-exercise/nbproject
- ant-exercise/nbproject/build-impl.xml
- ant-exercise/nbproject/genfiles.properties
- ant-exercise/nbproject/project.properties
- ant-exercise/nbproject/project.xml
- ant-exercise/src
- ant-exercise/src/Arith.java
- ant-exercise/test
- ant-exercise/test/ArithTest.java

