---
source: crates/tmc-langs-cli/tests/integration.rs
expression: files
input_file: sample_exercises/python3/exercise
---
- .tmcproject.yml
- src
- src/emoticon.py
- test
- test/__init__.py
- test/test_emoticon.py
- tmc
- tmc/__init__.py
- tmc/__main__.py
- tmc/django.py
- tmc/points.py
- tmc/reflect.py
- tmc/result.py
- tmc/runner.py
- tmc/utils.py

