---
source: crates/tmc-langs-cli/tests/integration.rs
expression: output
input_file: sample_exercises/r/exercise
---
output-kind: output-data
status: finished
message: compressed project from [PATH] to [PATH]
result: executed-command
data:
  output-data-kind: compressed-project-hash
  output-data: d22d4752fe3f884800f1f681bcc93d91cf9020ee7eb6e1f3219eb7811b8e5495

